2026-02-06 19:07:30 [ERROR] uncaughtException: Cannot find module './src/whatsapp/session_manager'
Require stack:
- C:\Users\alita\Desktop\QSTP\AI Agents\whats app chatbot\nodejs\index.js
Error: Cannot find module './src/whatsapp/session_manager'
Require stack:
- C:\Users\alita\Desktop\QSTP\AI Agents\whats app chatbot\nodejs\index.js
    at Module._resolveFilename (node:internal/modules/cjs/loader:1369:15)
    at defaultResolveImpl (node:internal/modules/cjs/loader:1025:19)
    at resolveForCJSWithHooks (node:internal/modules/cjs/loader:1030:22)
    at Module._load (node:internal/modules/cjs/loader:1179:37)
    at TracingChannel.traceSync (node:diagnostics_channel:322:14)
    at wrapModuleLoad (node:internal/modules/cjs/loader:235:24)
    at Module.require (node:internal/modules/cjs/loader:1449:12)
    at require (node:internal/modules/helpers:135:16)
    at Object.<anonymous> (C:\Users\alita\Desktop\QSTP\AI Agents\whats app chatbot\nodejs\index.js:21:24)
    at Module._compile (node:internal/modules/cjs/loader:1692:14)
    at Object..js (node:internal/modules/cjs/loader:1824:10)
    at Module.load (node:internal/modules/cjs/loader:1427:32)
    at Module._load (node:internal/modules/cjs/loader:1250:12)
    at TracingChannel.traceSync (node:diagnostics_channel:322:14)
    at wrapModuleLoad (node:internal/modules/cjs/loader:235:24)
    at Module.executeUserEntryPoint [as runMain] (node:internal/modules/run_main:152:5) {"error":{"code":"MODULE_NOT_FOUND","requireStack":["C:\\Users\\alita\\Desktop\\QSTP\\AI Agents\\whats app chatbot\\nodejs\\index.js"]},"stack":"Error: Cannot find module './src/whatsapp/session_manager'\nRequire stack:\n- C:\\Users\\alita\\Desktop\\QSTP\\AI Agents\\whats app chatbot\\nodejs\\index.js\n    at Module._resolveFilename (node:internal/modules/cjs/loader:1369:15)\n    at defaultResolveImpl (node:internal/modules/cjs/loader:1025:19)\n    at resolveForCJSWithHooks (node:internal/modules/cjs/loader:1030:22)\n    at Module._load (node:internal/modules/cjs/loader:1179:37)\n    at TracingChannel.traceSync (node:diagnostics_channel:322:14)\n    at wrapModuleLoad (node:internal/modules/cjs/loader:235:24)\n    at Module.require (node:internal/modules/cjs/loader:1449:12)\n    at require (node:internal/modules/helpers:135:16)\n    at Object.<anonymous> (C:\\Users\\alita\\Desktop\\QSTP\\AI Agents\\whats app chatbot\\nodejs\\index.js:21:24)\n    at Module._compile (node:internal/modules/cjs/loader:1692:14)\n    at Object..js (node:internal/modules/cjs/loader:1824:10)\n    at Module.load (node:internal/modules/cjs/loader:1427:32)\n    at Module._load (node:internal/modules/cjs/loader:1250:12)\n    at TracingChannel.traceSync (node:diagnostics_channel:322:14)\n    at wrapModuleLoad (node:internal/modules/cjs/loader:235:24)\n    at Module.executeUserEntryPoint [as runMain] (node:internal/modules/run_main:152:5)","exception":true,"date":"Fri Feb 06 2026 19:07:30 GMT+0300 (Arabian Standard Time)","process":{"pid":26796,"uid":null,"gid":null,"cwd":"C:\\Users\\alita\\Desktop\\QSTP\\AI Agents\\whats app chatbot","execPath":"C:\\Program Files\\nodejs\\node.exe","version":"v24.3.0","argv":["C:\\Program Files\\nodejs\\node.exe","C:\\Users\\alita\\Desktop\\QSTP\\AI Agents\\whats app chatbot\\nodejs\\index.js"],"memoryUsage":{"rss":76746752,"heapTotal":37609472,"heapUsed":22333584,"external":2466221,"arrayBuffers":38095}},"os":{"loadavg":[0,0,0],"uptime":21851.5},"trace":[{"column":15,"file":"node:internal/modules/cjs/loader","function":"Module._resolveFilename","line":1369,"method":"_resolveFilename","native":false},{"column":19,"file":"node:internal/modules/cjs/loader","function":"defaultResolveImpl","line":1025,"method":null,"native":false},{"column":22,"file":"node:internal/modules/cjs/loader","function":"resolveForCJSWithHooks","line":1030,"method":null,"native":false},{"column":37,"file":"node:internal/modules/cjs/loader","function":"Module._load","line":1179,"method":"_load","native":false},{"column":14,"file":"node:diagnostics_channel","function":"TracingChannel.traceSync","line":322,"method":"traceSync","native":false},{"column":24,"file":"node:internal/modules/cjs/loader","function":"wrapModuleLoad","line":235,"method":null,"native":false},{"column":12,"file":"node:internal/modules/cjs/loader","function":"Module.require","line":1449,"method":"require","native":false},{"column":16,"file":"node:internal/modules/helpers","function":"require","line":135,"method":null,"native":false},{"column":24,"file":"C:\\Users\\alita\\Desktop\\QSTP\\AI Agents\\whats app chatbot\\nodejs\\index.js","function":null,"line":21,"method":null,"native":false},{"column":14,"file":"node:internal/modules/cjs/loader","function":"Module._compile","line":1692,"method":"_compile","native":false},{"column":10,"file":"node:internal/modules/cjs/loader","function":"Object..js","line":1824,"method":".js","native":false},{"column":32,"file":"node:internal/modules/cjs/loader","function":"Module.load","line":1427,"method":"load","native":false},{"column":12,"file":"node:internal/modules/cjs/loader","function":"Module._load","line":1250,"method":"_load","native":false},{"column":14,"file":"node:diagnostics_channel","function":"TracingChannel.traceSync","line":322,"method":"traceSync","native":false},{"column":24,"file":"node:internal/modules/cjs/loader","function":"wrapModuleLoad","line":235,"method":null,"native":false},{"column":5,"file":"node:internal/modules/run_main","function":"Module.executeUserEntryPoint [as runMain]","line":152,"method":"executeUserEntryPoint [as runMain]","native":false}]}
2026-02-06 19:08:52 [ERROR] uncaughtException: Cannot find module './src/whatsapp/session_manager'
Require stack:
- C:\Users\alita\Desktop\QSTP\AI Agents\whats app chatbot\nodejs\index.js
Error: Cannot find module './src/whatsapp/session_manager'
Require stack:
- C:\Users\alita\Desktop\QSTP\AI Agents\whats app chatbot\nodejs\index.js
    at Module._resolveFilename (node:internal/modules/cjs/loader:1369:15)
    at defaultResolveImpl (node:internal/modules/cjs/loader:1025:19)
    at resolveForCJSWithHooks (node:internal/modules/cjs/loader:1030:22)
    at Module._load (node:internal/modules/cjs/loader:1179:37)
    at TracingChannel.traceSync (node:diagnostics_channel:322:14)
    at wrapModuleLoad (node:internal/modules/cjs/loader:235:24)
    at Module.require (node:internal/modules/cjs/loader:1449:12)
    at require (node:internal/modules/helpers:135:16)
    at Object.<anonymous> (C:\Users\alita\Desktop\QSTP\AI Agents\whats app chatbot\nodejs\index.js:21:24)
    at Module._compile (node:internal/modules/cjs/loader:1692:14)
    at Object..js (node:internal/modules/cjs/loader:1824:10)
    at Module.load (node:internal/modules/cjs/loader:1427:32)
    at Module._load (node:internal/modules/cjs/loader:1250:12)
    at TracingChannel.traceSync (node:diagnostics_channel:322:14)
    at wrapModuleLoad (node:internal/modules/cjs/loader:235:24)
    at Module.executeUserEntryPoint [as runMain] (node:internal/modules/run_main:152:5) {"error":{"code":"MODULE_NOT_FOUND","requireStack":["C:\\Users\\alita\\Desktop\\QSTP\\AI Agents\\whats app chatbot\\nodejs\\index.js"]},"stack":"Error: Cannot find module './src/whatsapp/session_manager'\nRequire stack:\n- C:\\Users\\alita\\Desktop\\QSTP\\AI Agents\\whats app chatbot\\nodejs\\index.js\n    at Module._resolveFilename (node:internal/modules/cjs/loader:1369:15)\n    at defaultResolveImpl (node:internal/modules/cjs/loader:1025:19)\n    at resolveForCJSWithHooks (node:internal/modules/cjs/loader:1030:22)\n    at Module._load (node:internal/modules/cjs/loader:1179:37)\n    at TracingChannel.traceSync (node:diagnostics_channel:322:14)\n    at wrapModuleLoad (node:internal/modules/cjs/loader:235:24)\n    at Module.require (node:internal/modules/cjs/loader:1449:12)\n    at require (node:internal/modules/helpers:135:16)\n    at Object.<anonymous> (C:\\Users\\alita\\Desktop\\QSTP\\AI Agents\\whats app chatbot\\nodejs\\index.js:21:24)\n    at Module._compile (node:internal/modules/cjs/loader:1692:14)\n    at Object..js (node:internal/modules/cjs/loader:1824:10)\n    at Module.load (node:internal/modules/cjs/loader:1427:32)\n    at Module._load (node:internal/modules/cjs/loader:1250:12)\n    at TracingChannel.traceSync (node:diagnostics_channel:322:14)\n    at wrapModuleLoad (node:internal/modules/cjs/loader:235:24)\n    at Module.executeUserEntryPoint [as runMain] (node:internal/modules/run_main:152:5)","exception":true,"date":"Fri Feb 06 2026 19:08:52 GMT+0300 (Arabian Standard Time)","process":{"pid":17876,"uid":null,"gid":null,"cwd":"C:\\Users\\alita\\Desktop\\QSTP\\AI Agents\\whats app chatbot","execPath":"C:\\Program Files\\nodejs\\node.exe","version":"v24.3.0","argv":["C:\\Program Files\\nodejs\\node.exe","C:\\Users\\alita\\Desktop\\QSTP\\AI Agents\\whats app chatbot\\nodejs\\index.js"],"memoryUsage":{"rss":76390400,"heapTotal":37871616,"heapUsed":22323488,"external":2466221,"arrayBuffers":38095}},"os":{"loadavg":[0,0,0],"uptime":21933.781},"trace":[{"column":15,"file":"node:internal/modules/cjs/loader","function":"Module._resolveFilename","line":1369,"method":"_resolveFilename","native":false},{"column":19,"file":"node:internal/modules/cjs/loader","function":"defaultResolveImpl","line":1025,"method":null,"native":false},{"column":22,"file":"node:internal/modules/cjs/loader","function":"resolveForCJSWithHooks","line":1030,"method":null,"native":false},{"column":37,"file":"node:internal/modules/cjs/loader","function":"Module._load","line":1179,"method":"_load","native":false},{"column":14,"file":"node:diagnostics_channel","function":"TracingChannel.traceSync","line":322,"method":"traceSync","native":false},{"column":24,"file":"node:internal/modules/cjs/loader","function":"wrapModuleLoad","line":235,"method":null,"native":false},{"column":12,"file":"node:internal/modules/cjs/loader","function":"Module.require","line":1449,"method":"require","native":false},{"column":16,"file":"node:internal/modules/helpers","function":"require","line":135,"method":null,"native":false},{"column":24,"file":"C:\\Users\\alita\\Desktop\\QSTP\\AI Agents\\whats app chatbot\\nodejs\\index.js","function":null,"line":21,"method":null,"native":false},{"column":14,"file":"node:internal/modules/cjs/loader","function":"Module._compile","line":1692,"method":"_compile","native":false},{"column":10,"file":"node:internal/modules/cjs/loader","function":"Object..js","line":1824,"method":".js","native":false},{"column":32,"file":"node:internal/modules/cjs/loader","function":"Module.load","line":1427,"method":"load","native":false},{"column":12,"file":"node:internal/modules/cjs/loader","function":"Module._load","line":1250,"method":"_load","native":false},{"column":14,"file":"node:diagnostics_channel","function":"TracingChannel.traceSync","line":322,"method":"traceSync","native":false},{"column":24,"file":"node:internal/modules/cjs/loader","function":"wrapModuleLoad","line":235,"method":null,"native":false},{"column":5,"file":"node:internal/modules/run_main","function":"Module.executeUserEntryPoint [as runMain]","line":152,"method":"executeUserEntryPoint [as runMain]","native":false}]}
2026-02-07 10:24:51 [ERROR] uncaughtException: Python process exited with code 1
Error: Python process exited with code 1
    at ChildProcess.<anonymous> (C:\Users\alita\Desktop\QSTP\AI Agents\whats app chatbot\nodejs\src\bridge\ModernPythonBridge.js:101:36)
    at ChildProcess.emit (node:events:507:28)
    at maybeClose (node:internal/child_process:1101:16)
    at ChildProcess._handle.onexit (node:internal/child_process:305:5) {"error":{},"stack":"Error: Python process exited with code 1\n    at ChildProcess.<anonymous> (C:\\Users\\alita\\Desktop\\QSTP\\AI Agents\\whats app chatbot\\nodejs\\src\\bridge\\ModernPythonBridge.js:101:36)\n    at ChildProcess.emit (node:events:507:28)\n    at maybeClose (node:internal/child_process:1101:16)\n    at ChildProcess._handle.onexit (node:internal/child_process:305:5)","exception":true,"date":"Sat Feb 07 2026 10:24:51 GMT+0300 (Arabian Standard Time)","process":{"pid":18120,"uid":null,"gid":null,"cwd":"C:\\Users\\alita\\Desktop\\QSTP\\AI Agents\\whats app chatbot","execPath":"C:\\Program Files\\nodejs\\node.exe","version":"v24.3.0","argv":["C:\\Program Files\\nodejs\\node.exe","C:\\Users\\alita\\Desktop\\QSTP\\AI Agents\\whats app chatbot\\app.js"],"memoryUsage":{"rss":83542016,"heapTotal":31821824,"heapUsed":27636072,"external":3220940,"arrayBuffers":526908}},"os":{"loadavg":[0,0,0],"uptime":1161.859},"trace":[{"column":36,"file":"C:\\Users\\alita\\Desktop\\QSTP\\AI Agents\\whats app chatbot\\nodejs\\src\\bridge\\ModernPythonBridge.js","function":null,"line":101,"method":null,"native":false},{"column":28,"file":"node:events","function":"ChildProcess.emit","line":507,"method":"emit","native":false},{"column":16,"file":"node:internal/child_process","function":"maybeClose","line":1101,"method":null,"native":false},{"column":5,"file":"node:internal/child_process","function":"ChildProcess._handle.onexit","line":305,"method":"onexit","native":false}]}
2026-02-07 11:05:39 [ERROR] uncaughtException: spawn .\venv\Scripts\python.exe ENOENT
Error: spawn .\venv\Scripts\python.exe ENOENT
    at ChildProcess._handle.onexit (node:internal/child_process:286:19)
    at onErrorNT (node:internal/child_process:484:16)
    at process.processTicksAndRejections (node:internal/process/task_queues:90:21) {"error":{"errno":-4058,"code":"ENOENT","syscall":"spawn .\\venv\\Scripts\\python.exe","path":".\\venv\\Scripts\\python.exe","spawnargs":["C:\\Users\\alita\\Desktop\\QSTP\\AI Agents\\whats app chatbot\\python\\main_modern.py"]},"stack":"Error: spawn .\\venv\\Scripts\\python.exe ENOENT\n    at ChildProcess._handle.onexit (node:internal/child_process:286:19)\n    at onErrorNT (node:internal/child_process:484:16)\n    at process.processTicksAndRejections (node:internal/process/task_queues:90:21)","exception":true,"date":"Sat Feb 07 2026 11:05:39 GMT+0300 (Arabian Standard Time)","process":{"pid":3956,"uid":null,"gid":null,"cwd":"C:\\Users\\alita\\Desktop\\QSTP\\AI Agents\\whats app chatbot","execPath":"C:\\Program Files\\nodejs\\node.exe","version":"v24.3.0","argv":["C:\\Program Files\\nodejs\\node.exe","C:\\Users\\alita\\Desktop\\QSTP\\AI Agents\\whats app chatbot\\app.js"],"memoryUsage":{"rss":102895616,"heapTotal":63688704,"heapUsed":32266552,"external":4463910,"arrayBuffers":1769878}},"os":{"loadavg":[0,0,0],"uptime":3608.984},"trace":[{"column":19,"file":"node:internal/child_process","function":"ChildProcess._handle.onexit","line":286,"method":"onexit","native":false},{"column":16,"file":"node:internal/child_process","function":"onErrorNT","line":484,"method":null,"native":false},{"column":21,"file":"node:internal/process/task_queues","function":"process.processTicksAndRejections","line":90,"method":"processTicksAndRejections","native":false}]}
2026-02-07 12:33:03 [ERROR] uncaughtException: spawn .\venv\Scripts\python.exe ENOENT
Error: spawn .\venv\Scripts\python.exe ENOENT
    at ChildProcess._handle.onexit (node:internal/child_process:286:19)
    at onErrorNT (node:internal/child_process:484:16)
    at process.processTicksAndRejections (node:internal/process/task_queues:90:21) {"error":{"errno":-4058,"code":"ENOENT","syscall":"spawn .\\venv\\Scripts\\python.exe","path":".\\venv\\Scripts\\python.exe","spawnargs":["C:\\Users\\alita\\Desktop\\QSTP\\AI Agents\\whats app chatbot\\python\\main_modern.py"]},"stack":"Error: spawn .\\venv\\Scripts\\python.exe ENOENT\n    at ChildProcess._handle.onexit (node:internal/child_process:286:19)\n    at onErrorNT (node:internal/child_process:484:16)\n    at process.processTicksAndRejections (node:internal/process/task_queues:90:21)","exception":true,"date":"Sat Feb 07 2026 12:33:03 GMT+0300 (Arabian Standard Time)","process":{"pid":6204,"uid":null,"gid":null,"cwd":"C:\\Users\\alita\\Desktop\\QSTP\\AI Agents\\whats app chatbot","execPath":"C:\\Program Files\\nodejs\\node.exe","version":"v24.3.0","argv":["C:\\Program Files\\nodejs\\node.exe","C:\\Users\\alita\\Desktop\\QSTP\\AI Agents\\whats app chatbot\\app.js"],"memoryUsage":{"rss":103292928,"heapTotal":63438848,"heapUsed":32435488,"external":4513514,"arrayBuffers":1819482}},"os":{"loadavg":[0,0,0],"uptime":186.093},"trace":[{"column":19,"file":"node:internal/child_process","function":"ChildProcess._handle.onexit","line":286,"method":"onexit","native":false},{"column":16,"file":"node:internal/child_process","function":"onErrorNT","line":484,"method":null,"native":false},{"column":21,"file":"node:internal/process/task_queues","function":"process.processTicksAndRejections","line":90,"method":"processTicksAndRejections","native":false}]}
2026-02-07 12:50:09 [ERROR] uncaughtException: Python process exited with code 1
Error: Python process exited with code 1
    at ChildProcess.<anonymous> (C:\Users\alita\Desktop\QSTP\AI Agents\whats app chatbot\nodejs\src\bridge\ModernPythonBridge.js:103:36)
    at ChildProcess.emit (node:events:507:28)
    at maybeClose (node:internal/child_process:1101:16)
    at Socket.<anonymous> (node:internal/child_process:457:11)
    at Socket.emit (node:events:507:28)
    at Pipe.<anonymous> (node:net:346:12) {"error":{},"stack":"Error: Python process exited with code 1\n    at ChildProcess.<anonymous> (C:\\Users\\alita\\Desktop\\QSTP\\AI Agents\\whats app chatbot\\nodejs\\src\\bridge\\ModernPythonBridge.js:103:36)\n    at ChildProcess.emit (node:events:507:28)\n    at maybeClose (node:internal/child_process:1101:16)\n    at Socket.<anonymous> (node:internal/child_process:457:11)\n    at Socket.emit (node:events:507:28)\n    at Pipe.<anonymous> (node:net:346:12)","exception":true,"date":"Sat Feb 07 2026 12:50:09 GMT+0300 (Arabian Standard Time)","process":{"pid":27548,"uid":null,"gid":null,"cwd":"C:\\Users\\alita\\Desktop\\QSTP\\AI Agents\\whats app chatbot","execPath":"C:\\Program Files\\nodejs\\node.exe","version":"v24.3.0","argv":["C:\\Program Files\\nodejs\\node.exe","C:\\Users\\alita\\Desktop\\QSTP\\AI Agents\\whats app chatbot\\app.js"],"memoryUsage":{"rss":100323328,"heapTotal":63021056,"heapUsed":31498544,"external":3033556,"arrayBuffers":339524}},"os":{"loadavg":[0,0,0],"uptime":1212.093},"trace":[{"column":36,"file":"C:\\Users\\alita\\Desktop\\QSTP\\AI Agents\\whats app chatbot\\nodejs\\src\\bridge\\ModernPythonBridge.js","function":null,"line":103,"method":null,"native":false},{"column":28,"file":"node:events","function":"ChildProcess.emit","line":507,"method":"emit","native":false},{"column":16,"file":"node:internal/child_process","function":"maybeClose","line":1101,"method":null,"native":false},{"column":11,"file":"node:internal/child_process","function":null,"line":457,"method":null,"native":false},{"column":28,"file":"node:events","function":"Socket.emit","line":507,"method":"emit","native":false},{"column":12,"file":"node:net","function":null,"line":346,"method":null,"native":false}]}
2026-02-07 13:09:23 [ERROR] uncaughtException: Python process exited with code 1
Error: Python process exited with code 1
    at ChildProcess.<anonymous> (C:\Users\alita\Desktop\QSTP\AI Agents\whats app chatbot\nodejs\src\bridge\ModernPythonBridge.js:103:36)
    at ChildProcess.emit (node:events:507:28)
    at maybeClose (node:internal/child_process:1101:16)
    at ChildProcess._handle.onexit (node:internal/child_process:305:5) {"error":{},"stack":"Error: Python process exited with code 1\n    at ChildProcess.<anonymous> (C:\\Users\\alita\\Desktop\\QSTP\\AI Agents\\whats app chatbot\\nodejs\\src\\bridge\\ModernPythonBridge.js:103:36)\n    at ChildProcess.emit (node:events:507:28)\n    at maybeClose (node:internal/child_process:1101:16)\n    at ChildProcess._handle.onexit (node:internal/child_process:305:5)","exception":true,"date":"Sat Feb 07 2026 13:09:23 GMT+0300 (Arabian Standard Time)","process":{"pid":3916,"uid":null,"gid":null,"cwd":"C:\\Users\\alita\\Desktop\\QSTP\\AI Agents\\whats app chatbot","execPath":"C:\\Program Files\\nodejs\\node.exe","version":"v24.3.0","argv":["C:\\Program Files\\nodejs\\node.exe","C:\\Users\\alita\\Desktop\\QSTP\\AI Agents\\whats app chatbot\\app.js"],"memoryUsage":{"rss":103219200,"heapTotal":63700992,"heapUsed":32852808,"external":4508186,"arrayBuffers":1814154}},"os":{"loadavg":[0,0,0],"uptime":2366.125},"trace":[{"column":36,"file":"C:\\Users\\alita\\Desktop\\QSTP\\AI Agents\\whats app chatbot\\nodejs\\src\\bridge\\ModernPythonBridge.js","function":null,"line":103,"method":null,"native":false},{"column":28,"file":"node:events","function":"ChildProcess.emit","line":507,"method":"emit","native":false},{"column":16,"file":"node:internal/child_process","function":"maybeClose","line":1101,"method":null,"native":false},{"column":5,"file":"node:internal/child_process","function":"ChildProcess._handle.onexit","line":305,"method":"onexit","native":false}]}
2026-02-07 13:19:49 [ERROR] uncaughtException: Python process exited with code 1
Error: Python process exited with code 1
    at ChildProcess.<anonymous> (C:\Users\alita\Desktop\QSTP\AI Agents\whats app chatbot\nodejs\src\bridge\ModernPythonBridge.js:103:36)
    at ChildProcess.emit (node:events:507:28)
    at maybeClose (node:internal/child_process:1101:16)
    at Socket.<anonymous> (node:internal/child_process:457:11)
    at Socket.emit (node:events:507:28)
    at Pipe.<anonymous> (node:net:346:12) {"error":{},"stack":"Error: Python process exited with code 1\n    at ChildProcess.<anonymous> (C:\\Users\\alita\\Desktop\\QSTP\\AI Agents\\whats app chatbot\\nodejs\\src\\bridge\\ModernPythonBridge.js:103:36)\n    at ChildProcess.emit (node:events:507:28)\n    at maybeClose (node:internal/child_process:1101:16)\n    at Socket.<anonymous> (node:internal/child_process:457:11)\n    at Socket.emit (node:events:507:28)\n    at Pipe.<anonymous> (node:net:346:12)","exception":true,"date":"Sat Feb 07 2026 13:19:49 GMT+0300 (Arabian Standard Time)","process":{"pid":3284,"uid":null,"gid":null,"cwd":"C:\\Users\\alita\\Desktop\\QSTP\\AI Agents\\whats app chatbot","execPath":"C:\\Program Files\\nodejs\\node.exe","version":"v24.3.0","argv":["C:\\Program Files\\nodejs\\node.exe","C:\\Users\\alita\\Desktop\\QSTP\\AI Agents\\whats app chatbot\\app.js"],"memoryUsage":{"rss":103104512,"heapTotal":63688704,"heapUsed":33035448,"external":4505542,"arrayBuffers":1811510}},"os":{"loadavg":[0,0,0],"uptime":2992.593},"trace":[{"column":36,"file":"C:\\Users\\alita\\Desktop\\QSTP\\AI Agents\\whats app chatbot\\nodejs\\src\\bridge\\ModernPythonBridge.js","function":null,"line":103,"method":null,"native":false},{"column":28,"file":"node:events","function":"ChildProcess.emit","line":507,"method":"emit","native":false},{"column":16,"file":"node:internal/child_process","function":"maybeClose","line":1101,"method":null,"native":false},{"column":11,"file":"node:internal/child_process","function":null,"line":457,"method":null,"native":false},{"column":28,"file":"node:events","function":"Socket.emit","line":507,"method":"emit","native":false},{"column":12,"file":"node:net","function":null,"line":346,"method":null,"native":false}]}
2026-02-07 13:25:12 [ERROR] uncaughtException: Python process exited with code 1
Error: Python process exited with code 1
    at ChildProcess.<anonymous> (C:\Users\alita\Desktop\QSTP\AI Agents\whats app chatbot\nodejs\src\bridge\ModernPythonBridge.js:103:36)
    at ChildProcess.emit (node:events:507:28)
    at maybeClose (node:internal/child_process:1101:16)
    at ChildProcess._handle.onexit (node:internal/child_process:305:5) {"error":{},"stack":"Error: Python process exited with code 1\n    at ChildProcess.<anonymous> (C:\\Users\\alita\\Desktop\\QSTP\\AI Agents\\whats app chatbot\\nodejs\\src\\bridge\\ModernPythonBridge.js:103:36)\n    at ChildProcess.emit (node:events:507:28)\n    at maybeClose (node:internal/child_process:1101:16)\n    at ChildProcess._handle.onexit (node:internal/child_process:305:5)","exception":true,"date":"Sat Feb 07 2026 13:25:12 GMT+0300 (Arabian Standard Time)","process":{"pid":5912,"uid":null,"gid":null,"cwd":"C:\\Users\\alita\\Desktop\\QSTP\\AI Agents\\whats app chatbot","execPath":"C:\\Program Files\\nodejs\\node.exe","version":"v24.3.0","argv":["C:\\Program Files\\nodejs\\node.exe","C:\\Users\\alita\\Desktop\\QSTP\\AI Agents\\whats app chatbot\\app.js"],"memoryUsage":{"rss":103088128,"heapTotal":64212992,"heapUsed":32746216,"external":4476090,"arrayBuffers":1782058}},"os":{"loadavg":[0,0,0],"uptime":3315.296},"trace":[{"column":36,"file":"C:\\Users\\alita\\Desktop\\QSTP\\AI Agents\\whats app chatbot\\nodejs\\src\\bridge\\ModernPythonBridge.js","function":null,"line":103,"method":null,"native":false},{"column":28,"file":"node:events","function":"ChildProcess.emit","line":507,"method":"emit","native":false},{"column":16,"file":"node:internal/child_process","function":"maybeClose","line":1101,"method":null,"native":false},{"column":5,"file":"node:internal/child_process","function":"ChildProcess._handle.onexit","line":305,"method":"onexit","native":false}]}
2026-02-07 13:25:40 [ERROR] uncaughtException: Python process exited with code 1
Error: Python process exited with code 1
    at ChildProcess.<anonymous> (C:\Users\alita\Desktop\QSTP\AI Agents\whats app chatbot\nodejs\src\bridge\ModernPythonBridge.js:103:36)
    at ChildProcess.emit (node:events:507:28)
    at maybeClose (node:internal/child_process:1101:16)
    at ChildProcess._handle.onexit (node:internal/child_process:305:5) {"error":{},"stack":"Error: Python process exited with code 1\n    at ChildProcess.<anonymous> (C:\\Users\\alita\\Desktop\\QSTP\\AI Agents\\whats app chatbot\\nodejs\\src\\bridge\\ModernPythonBridge.js:103:36)\n    at ChildProcess.emit (node:events:507:28)\n    at maybeClose (node:internal/child_process:1101:16)\n    at ChildProcess._handle.onexit (node:internal/child_process:305:5)","exception":true,"date":"Sat Feb 07 2026 13:25:40 GMT+0300 (Arabian Standard Time)","process":{"pid":12712,"uid":null,"gid":null,"cwd":"C:\\Users\\alita\\Desktop\\QSTP\\AI Agents\\whats app chatbot","execPath":"C:\\Program Files\\nodejs\\node.exe","version":"v24.3.0","argv":["C:\\Program Files\\nodejs\\node.exe","C:\\Users\\alita\\Desktop\\QSTP\\AI Agents\\whats app chatbot\\app.js"],"memoryUsage":{"rss":101244928,"heapTotal":62754816,"heapUsed":31578600,"external":3518921,"arrayBuffers":824889}},"os":{"loadavg":[0,0,0],"uptime":3343.875},"trace":[{"column":36,"file":"C:\\Users\\alita\\Desktop\\QSTP\\AI Agents\\whats app chatbot\\nodejs\\src\\bridge\\ModernPythonBridge.js","function":null,"line":103,"method":null,"native":false},{"column":28,"file":"node:events","function":"ChildProcess.emit","line":507,"method":"emit","native":false},{"column":16,"file":"node:internal/child_process","function":"maybeClose","line":1101,"method":null,"native":false},{"column":5,"file":"node:internal/child_process","function":"ChildProcess._handle.onexit","line":305,"method":"onexit","native":false}]}
2026-02-07 13:27:14 [ERROR] uncaughtException: Python process exited with code 1
Error: Python process exited with code 1
    at ChildProcess.<anonymous> (C:\Users\alita\Desktop\QSTP\AI Agents\whats app chatbot\nodejs\src\bridge\ModernPythonBridge.js:110:36)
    at ChildProcess.emit (node:events:507:28)
    at maybeClose (node:internal/child_process:1101:16)
    at Socket.<anonymous> (node:internal/child_process:457:11)
    at Socket.emit (node:events:507:28)
    at Pipe.<anonymous> (node:net:346:12) {"error":{},"stack":"Error: Python process exited with code 1\n    at ChildProcess.<anonymous> (C:\\Users\\alita\\Desktop\\QSTP\\AI Agents\\whats app chatbot\\nodejs\\src\\bridge\\ModernPythonBridge.js:110:36)\n    at ChildProcess.emit (node:events:507:28)\n    at maybeClose (node:internal/child_process:1101:16)\n    at Socket.<anonymous> (node:internal/child_process:457:11)\n    at Socket.emit (node:events:507:28)\n    at Pipe.<anonymous> (node:net:346:12)","exception":true,"date":"Sat Feb 07 2026 13:27:14 GMT+0300 (Arabian Standard Time)","process":{"pid":25644,"uid":null,"gid":null,"cwd":"C:\\Users\\alita\\Desktop\\QSTP\\AI Agents\\whats app chatbot","execPath":"C:\\Program Files\\nodejs\\node.exe","version":"v24.3.0","argv":["C:\\Program Files\\nodejs\\node.exe","C:\\Users\\alita\\Desktop\\QSTP\\AI Agents\\whats app chatbot\\app.js"],"memoryUsage":{"rss":103227392,"heapTotal":63176704,"heapUsed":34198952,"external":4522729,"arrayBuffers":1828697}},"os":{"loadavg":[0,0,0],"uptime":3437.406},"trace":[{"column":36,"file":"C:\\Users\\alita\\Desktop\\QSTP\\AI Agents\\whats app chatbot\\nodejs\\src\\bridge\\ModernPythonBridge.js","function":null,"line":110,"method":null,"native":false},{"column":28,"file":"node:events","function":"ChildProcess.emit","line":507,"method":"emit","native":false},{"column":16,"file":"node:internal/child_process","function":"maybeClose","line":1101,"method":null,"native":false},{"column":11,"file":"node:internal/child_process","function":null,"line":457,"method":null,"native":false},{"column":28,"file":"node:events","function":"Socket.emit","line":507,"method":"emit","native":false},{"column":12,"file":"node:net","function":null,"line":346,"method":null,"native":false}]}
2026-02-07 13:33:47 [ERROR] uncaughtException: Python process exited with code 1
Error: Python process exited with code 1
    at ChildProcess.<anonymous> (C:\Users\alita\Desktop\QSTP\AI Agents\whats app chatbot\nodejs\src\bridge\ModernPythonBridge.js:110:36)
    at ChildProcess.emit (node:events:507:28)
    at maybeClose (node:internal/child_process:1101:16)
    at Socket.<anonymous> (node:internal/child_process:457:11)
    at Socket.emit (node:events:507:28)
    at Pipe.<anonymous> (node:net:346:12) {"error":{},"stack":"Error: Python process exited with code 1\n    at ChildProcess.<anonymous> (C:\\Users\\alita\\Desktop\\QSTP\\AI Agents\\whats app chatbot\\nodejs\\src\\bridge\\ModernPythonBridge.js:110:36)\n    at ChildProcess.emit (node:events:507:28)\n    at maybeClose (node:internal/child_process:1101:16)\n    at Socket.<anonymous> (node:internal/child_process:457:11)\n    at Socket.emit (node:events:507:28)\n    at Pipe.<anonymous> (node:net:346:12)","exception":true,"date":"Sat Feb 07 2026 13:33:47 GMT+0300 (Arabian Standard Time)","process":{"pid":2456,"uid":null,"gid":null,"cwd":"C:\\Users\\alita\\Desktop\\QSTP\\AI Agents\\whats app chatbot","execPath":"C:\\Program Files\\nodejs\\node.exe","version":"v24.3.0","argv":["C:\\Program Files\\nodejs\\node.exe","C:\\Users\\alita\\Desktop\\QSTP\\AI Agents\\whats app chatbot\\app.js"],"memoryUsage":{"rss":103976960,"heapTotal":63713280,"heapUsed":34483360,"external":4557281,"arrayBuffers":1863249}},"os":{"loadavg":[0,0,0],"uptime":3830.75},"trace":[{"column":36,"file":"C:\\Users\\alita\\Desktop\\QSTP\\AI Agents\\whats app chatbot\\nodejs\\src\\bridge\\ModernPythonBridge.js","function":null,"line":110,"method":null,"native":false},{"column":28,"file":"node:events","function":"ChildProcess.emit","line":507,"method":"emit","native":false},{"column":16,"file":"node:internal/child_process","function":"maybeClose","line":1101,"method":null,"native":false},{"column":11,"file":"node:internal/child_process","function":null,"line":457,"method":null,"native":false},{"column":28,"file":"node:events","function":"Socket.emit","line":507,"method":"emit","native":false},{"column":12,"file":"node:net","function":null,"line":346,"method":null,"native":false}]}
2026-02-07 13:34:56 [ERROR] uncaughtException: Python process exited with code 1
Error: Python process exited with code 1
    at ChildProcess.<anonymous> (C:\Users\alita\Desktop\QSTP\AI Agents\whats app chatbot\nodejs\src\bridge\ModernPythonBridge.js:110:36)
    at ChildProcess.emit (node:events:507:28)
    at maybeClose (node:internal/child_process:1101:16)
    at ChildProcess._handle.onexit (node:internal/child_process:305:5) {"error":{},"stack":"Error: Python process exited with code 1\n    at ChildProcess.<anonymous> (C:\\Users\\alita\\Desktop\\QSTP\\AI Agents\\whats app chatbot\\nodejs\\src\\bridge\\ModernPythonBridge.js:110:36)\n    at ChildProcess.emit (node:events:507:28)\n    at maybeClose (node:internal/child_process:1101:16)\n    at ChildProcess._handle.onexit (node:internal/child_process:305:5)","exception":true,"date":"Sat Feb 07 2026 13:34:56 GMT+0300 (Arabian Standard Time)","process":{"pid":26580,"uid":null,"gid":null,"cwd":"C:\\Users\\alita\\Desktop\\QSTP\\AI Agents\\whats app chatbot","execPath":"C:\\Program Files\\nodejs\\node.exe","version":"v24.3.0","argv":["C:\\Program Files\\nodejs\\node.exe","C:\\Users\\alita\\Desktop\\QSTP\\AI Agents\\whats app chatbot\\app.js"],"memoryUsage":{"rss":102723584,"heapTotal":63950848,"heapUsed":34072392,"external":4528954,"arrayBuffers":1834922}},"os":{"loadavg":[0,0,0],"uptime":3899.234},"trace":[{"column":36,"file":"C:\\Users\\alita\\Desktop\\QSTP\\AI Agents\\whats app chatbot\\nodejs\\src\\bridge\\ModernPythonBridge.js","function":null,"line":110,"method":null,"native":false},{"column":28,"file":"node:events","function":"ChildProcess.emit","line":507,"method":"emit","native":false},{"column":16,"file":"node:internal/child_process","function":"maybeClose","line":1101,"method":null,"native":false},{"column":5,"file":"node:internal/child_process","function":"ChildProcess._handle.onexit","line":305,"method":"onexit","native":false}]}
2026-02-07 13:35:51 [ERROR] uncaughtException: Python process exited with code 1
Error: Python process exited with code 1
    at ChildProcess.<anonymous> (C:\Users\alita\Desktop\QSTP\AI Agents\whats app chatbot\nodejs\src\bridge\ModernPythonBridge.js:110:36)
    at ChildProcess.emit (node:events:507:28)
    at maybeClose (node:internal/child_process:1101:16)
    at Socket.<anonymous> (node:internal/child_process:457:11)
    at Socket.emit (node:events:507:28)
    at Pipe.<anonymous> (node:net:346:12) {"error":{},"stack":"Error: Python process exited with code 1\n    at ChildProcess.<anonymous> (C:\\Users\\alita\\Desktop\\QSTP\\AI Agents\\whats app chatbot\\nodejs\\src\\bridge\\ModernPythonBridge.js:110:36)\n    at ChildProcess.emit (node:events:507:28)\n    at maybeClose (node:internal/child_process:1101:16)\n    at Socket.<anonymous> (node:internal/child_process:457:11)\n    at Socket.emit (node:events:507:28)\n    at Pipe.<anonymous> (node:net:346:12)","exception":true,"date":"Sat Feb 07 2026 13:35:51 GMT+0300 (Arabian Standard Time)","process":{"pid":24844,"uid":null,"gid":null,"cwd":"C:\\Users\\alita\\Desktop\\QSTP\\AI Agents\\whats app chatbot","execPath":"C:\\Program Files\\nodejs\\node.exe","version":"v24.3.0","argv":["C:\\Program Files\\nodejs\\node.exe","C:\\Users\\alita\\Desktop\\QSTP\\AI Agents\\whats app chatbot\\app.js"],"memoryUsage":{"rss":103424000,"heapTotal":63688704,"heapUsed":34242184,"external":4554336,"arrayBuffers":1860304}},"os":{"loadavg":[0,0,0],"uptime":3954.39},"trace":[{"column":36,"file":"C:\\Users\\alita\\Desktop\\QSTP\\AI Agents\\whats app chatbot\\nodejs\\src\\bridge\\ModernPythonBridge.js","function":null,"line":110,"method":null,"native":false},{"column":28,"file":"node:events","function":"ChildProcess.emit","line":507,"method":"emit","native":false},{"column":16,"file":"node:internal/child_process","function":"maybeClose","line":1101,"method":null,"native":false},{"column":11,"file":"node:internal/child_process","function":null,"line":457,"method":null,"native":false},{"column":28,"file":"node:events","function":"Socket.emit","line":507,"method":"emit","native":false},{"column":12,"file":"node:net","function":null,"line":346,"method":null,"native":false}]}
2026-02-07 13:36:45 [ERROR] uncaughtException: Python process exited with code 1
Error: Python process exited with code 1
    at ChildProcess.<anonymous> (C:\Users\alita\Desktop\QSTP\AI Agents\whats app chatbot\nodejs\src\bridge\ModernPythonBridge.js:110:36)
    at ChildProcess.emit (node:events:507:28)
    at maybeClose (node:internal/child_process:1101:16)
    at ChildProcess._handle.onexit (node:internal/child_process:305:5) {"error":{},"stack":"Error: Python process exited with code 1\n    at ChildProcess.<anonymous> (C:\\Users\\alita\\Desktop\\QSTP\\AI Agents\\whats app chatbot\\nodejs\\src\\bridge\\ModernPythonBridge.js:110:36)\n    at ChildProcess.emit (node:events:507:28)\n    at maybeClose (node:internal/child_process:1101:16)\n    at ChildProcess._handle.onexit (node:internal/child_process:305:5)","exception":true,"date":"Sat Feb 07 2026 13:36:45 GMT+0300 (Arabian Standard Time)","process":{"pid":17796,"uid":null,"gid":null,"cwd":"C:\\Users\\alita\\Desktop\\QSTP\\AI Agents\\whats app chatbot","execPath":"C:\\Program Files\\nodejs\\node.exe","version":"v24.3.0","argv":["C:\\Program Files\\nodejs\\node.exe","C:\\Users\\alita\\Desktop\\QSTP\\AI Agents\\whats app chatbot\\app.js"],"memoryUsage":{"rss":103366656,"heapTotal":63426560,"heapUsed":34230784,"external":4530891,"arrayBuffers":1836859}},"os":{"loadavg":[0,0,0],"uptime":4008.687},"trace":[{"column":36,"file":"C:\\Users\\alita\\Desktop\\QSTP\\AI Agents\\whats app chatbot\\nodejs\\src\\bridge\\ModernPythonBridge.js","function":null,"line":110,"method":null,"native":false},{"column":28,"file":"node:events","function":"ChildProcess.emit","line":507,"method":"emit","native":false},{"column":16,"file":"node:internal/child_process","function":"maybeClose","line":1101,"method":null,"native":false},{"column":5,"file":"node:internal/child_process","function":"ChildProcess._handle.onexit","line":305,"method":"onexit","native":false}]}
