2026-02-07 13:40:55 [INFO] whatsapp_bot_python:72 - 🐍 Python logging initialized
2026-02-07 13:40:55 [INFO] whatsapp_bot_python:37 - 🐍 Initializing Python Application with modern architecture...
2026-02-07 13:40:55 [INFO] whatsapp_bot_python:87 - ✅ Services registered in DI container
2026-02-07 13:40:57 [INFO] whatsapp_bot_python:100 - ✅ Core services initialized
2026-02-07 13:40:57 [INFO] whatsapp_bot_python:49 - ✅ Python Application initialized successfully
2026-02-07 13:40:57 [INFO] whatsapp_bot_python:108 - 🚀 Starting Python Application...
2026-02-07 13:40:57 [INFO] whatsapp_bot_python:122 - 🔄 Starting message processing loop...
2026-02-07 13:42:44 [INFO] whatsapp_bot_python:201 - 🛑 Stopping Python Application...
2026-02-07 13:42:44 [INFO] whatsapp_bot_python:206 - ✅ Python Application stopped
2026-02-07 13:46:36 [INFO] whatsapp_bot_python:72 - 🐍 Python logging initialized
2026-02-07 13:46:36 [INFO] whatsapp_bot_python:37 - 🐍 Initializing Python Application with modern architecture...
2026-02-07 13:46:36 [INFO] whatsapp_bot_python:87 - ✅ Services registered in DI container
2026-02-07 13:46:38 [INFO] whatsapp_bot_python:100 - ✅ Core services initialized
2026-02-07 13:46:38 [INFO] whatsapp_bot_python:49 - ✅ Python Application initialized successfully
2026-02-07 13:46:38 [INFO] whatsapp_bot_python:108 - 🚀 Starting Python Application...
2026-02-07 13:46:38 [INFO] whatsapp_bot_python:122 - 🔄 Starting message processing loop...
2026-02-07 13:54:06 [INFO] whatsapp_bot_python:201 - 🛑 Stopping Python Application...
2026-02-07 13:54:06 [INFO] whatsapp_bot_python:206 - ✅ Python Application stopped
2026-02-07 15:36:55 [INFO] whatsapp_bot_python:72 - 🐍 Python logging initialized
2026-02-07 15:36:55 [INFO] whatsapp_bot_python:37 - 🐍 Initializing Python Application with modern architecture...
2026-02-07 15:36:55 [INFO] whatsapp_bot_python:87 - ✅ Services registered in DI container
2026-02-07 15:36:58 [INFO] whatsapp_bot_python:100 - ✅ Core services initialized
2026-02-07 15:36:58 [INFO] whatsapp_bot_python:49 - ✅ Python Application initialized successfully
2026-02-07 15:36:58 [INFO] whatsapp_bot_python:108 - 🚀 Starting Python Application...
2026-02-07 15:36:58 [INFO] whatsapp_bot_python:122 - 🔄 Starting message processing loop...
2026-02-07 15:42:41 [INFO] whatsapp_bot_python:201 - 🛑 Stopping Python Application...
2026-02-07 15:42:41 [INFO] whatsapp_bot_python:206 - ✅ Python Application stopped
2026-02-07 15:42:51 [INFO] whatsapp_bot_python:72 - 🐍 Python logging initialized
2026-02-07 15:42:51 [INFO] whatsapp_bot_python:37 - 🐍 Initializing Python Application with modern architecture...
2026-02-07 15:42:51 [INFO] whatsapp_bot_python:87 - ✅ Services registered in DI container
2026-02-07 15:42:54 [INFO] whatsapp_bot_python:100 - ✅ Core services initialized
2026-02-07 15:42:54 [INFO] whatsapp_bot_python:49 - ✅ Python Application initialized successfully
2026-02-07 15:42:54 [INFO] whatsapp_bot_python:108 - 🚀 Starting Python Application...
2026-02-07 15:42:54 [INFO] whatsapp_bot_python:122 - 🔄 Starting message processing loop...
2026-02-07 15:46:42 [INFO] whatsapp_bot_python:201 - 🛑 Stopping Python Application...
2026-02-07 15:46:42 [INFO] whatsapp_bot_python:206 - ✅ Python Application stopped
2026-02-07 16:05:10 [INFO] whatsapp_bot_python:72 - 🐍 Python logging initialized
2026-02-07 16:05:10 [INFO] whatsapp_bot_python:37 - 🐍 Initializing Python Application with modern architecture...
2026-02-07 16:05:10 [INFO] whatsapp_bot_python:87 - ✅ Services registered in DI container
2026-02-07 16:05:13 [INFO] whatsapp_bot_python:100 - ✅ Core services initialized
2026-02-07 16:05:13 [INFO] whatsapp_bot_python:49 - ✅ Python Application initialized successfully
2026-02-07 16:05:13 [INFO] whatsapp_bot_python:108 - 🚀 Starting Python Application...
2026-02-07 16:05:13 [INFO] whatsapp_bot_python:122 - 🔄 Starting message processing loop...
2026-02-07 16:26:13 [INFO] whatsapp_bot_python:72 - 🐍 Python logging initialized
2026-02-07 16:26:13 [INFO] whatsapp_bot_python:37 - 🐍 Initializing Python Application with modern architecture...
2026-02-07 16:26:13 [INFO] whatsapp_bot_python:87 - ✅ Services registered in DI container
2026-02-07 16:26:15 [INFO] whatsapp_bot_python:100 - ✅ Core services initialized
2026-02-07 16:26:15 [INFO] whatsapp_bot_python:49 - ✅ Python Application initialized successfully
2026-02-07 16:26:15 [INFO] whatsapp_bot_python:108 - 🚀 Starting Python Application...
2026-02-07 16:26:15 [INFO] whatsapp_bot_python:122 - 🔄 Starting message processing loop...
2026-02-07 16:36:59 [INFO] whatsapp_bot_python:201 - 🛑 Stopping Python Application...
2026-02-07 16:36:59 [INFO] whatsapp_bot_python:206 - ✅ Python Application stopped
2026-02-08 08:26:59 [INFO] whatsapp_bot_python:72 - 🐍 Python logging initialized
2026-02-08 08:26:59 [INFO] whatsapp_bot_python:37 - 🐍 Initializing Python Application with modern architecture...
2026-02-08 08:26:59 [INFO] whatsapp_bot_python:87 - ✅ Services registered in DI container
2026-02-08 08:27:02 [INFO] whatsapp_bot_python:100 - ✅ Core services initialized
2026-02-08 08:27:02 [INFO] whatsapp_bot_python:49 - ✅ Python Application initialized successfully
2026-02-08 08:27:02 [INFO] whatsapp_bot_python:108 - 🚀 Starting Python Application...
2026-02-08 08:27:02 [INFO] whatsapp_bot_python:122 - 🔄 Starting message processing loop...
2026-02-08 08:41:36 [INFO] whatsapp_bot_python:114 - ✅ Python Application started successfully
2026-02-08 08:41:36 [INFO] whatsapp_bot_python:201 - 🛑 Stopping Python Application...
2026-02-08 08:41:36 [INFO] whatsapp_bot_python:206 - ✅ Python Application stopped
2026-02-08 08:41:54 [INFO] whatsapp_bot_python:72 - 🐍 Python logging initialized
2026-02-08 08:41:54 [INFO] whatsapp_bot_python:37 - 🐍 Initializing Python Application with modern architecture...
2026-02-08 08:41:54 [INFO] whatsapp_bot_python:87 - ✅ Services registered in DI container
2026-02-08 08:41:56 [INFO] whatsapp_bot_python:100 - ✅ Core services initialized
2026-02-08 08:41:56 [INFO] whatsapp_bot_python:49 - ✅ Python Application initialized successfully
2026-02-08 08:41:56 [INFO] whatsapp_bot_python:108 - 🚀 Starting Python Application...
2026-02-08 08:41:56 [INFO] whatsapp_bot_python:122 - 🔄 Starting message processing loop...
2026-02-08 08:50:49 [INFO] whatsapp_bot_python:114 - ✅ Python Application started successfully
2026-02-08 08:50:49 [INFO] whatsapp_bot_python:201 - 🛑 Stopping Python Application...
2026-02-08 08:50:49 [INFO] whatsapp_bot_python:206 - ✅ Python Application stopped
2026-02-08 08:51:11 [INFO] whatsapp_bot_python:72 - 🐍 Python logging initialized
2026-02-08 08:51:11 [INFO] whatsapp_bot_python:37 - 🐍 Initializing Python Application with modern architecture...
2026-02-08 08:51:11 [INFO] whatsapp_bot_python:87 - ✅ Services registered in DI container
2026-02-08 08:51:13 [INFO] whatsapp_bot_python:100 - ✅ Core services initialized
2026-02-08 08:51:13 [INFO] whatsapp_bot_python:49 - ✅ Python Application initialized successfully
2026-02-08 08:51:13 [INFO] whatsapp_bot_python:108 - 🚀 Starting Python Application...
2026-02-08 08:51:13 [INFO] whatsapp_bot_python:122 - 🔄 Starting message processing loop...
2026-02-08 08:51:56 [INFO] whatsapp_bot_python:201 - 🛑 Stopping Python Application...
2026-02-08 08:51:56 [INFO] whatsapp_bot_python:206 - ✅ Python Application stopped
2026-02-08 08:53:46 [INFO] whatsapp_bot_python:72 - 🐍 Python logging initialized
2026-02-08 08:53:46 [INFO] whatsapp_bot_python:37 - 🐍 Initializing Python Application with modern architecture...
2026-02-08 08:53:46 [INFO] whatsapp_bot_python:87 - ✅ Services registered in DI container
2026-02-08 08:53:48 [INFO] whatsapp_bot_python:100 - ✅ Core services initialized
2026-02-08 08:53:48 [INFO] whatsapp_bot_python:49 - ✅ Python Application initialized successfully
2026-02-08 08:53:48 [INFO] whatsapp_bot_python:108 - 🚀 Starting Python Application...
2026-02-08 08:53:48 [INFO] whatsapp_bot_python:122 - 🔄 Starting message processing loop...
2026-02-08 08:56:57 [INFO] whatsapp_bot_python:114 - ✅ Python Application started successfully
2026-02-08 08:56:57 [INFO] whatsapp_bot_python:201 - 🛑 Stopping Python Application...
2026-02-08 08:56:57 [INFO] whatsapp_bot_python:206 - ✅ Python Application stopped
2026-02-08 08:57:16 [INFO] whatsapp_bot_python:72 - 🐍 Python logging initialized
2026-02-08 08:57:16 [INFO] whatsapp_bot_python:37 - 🐍 Initializing Python Application with modern architecture...
2026-02-08 08:57:16 [INFO] whatsapp_bot_python:87 - ✅ Services registered in DI container
2026-02-08 08:57:18 [INFO] whatsapp_bot_python:100 - ✅ Core services initialized
2026-02-08 08:57:18 [INFO] whatsapp_bot_python:49 - ✅ Python Application initialized successfully
2026-02-08 08:57:18 [INFO] whatsapp_bot_python:108 - 🚀 Starting Python Application...
2026-02-08 08:57:18 [INFO] whatsapp_bot_python:122 - 🔄 Starting message processing loop...
2026-02-08 09:03:15 [INFO] whatsapp_bot_python:114 - ✅ Python Application started successfully
2026-02-08 09:03:15 [INFO] whatsapp_bot_python:201 - 🛑 Stopping Python Application...
2026-02-08 09:03:15 [INFO] whatsapp_bot_python:206 - ✅ Python Application stopped
2026-02-08 09:03:35 [INFO] whatsapp_bot_python:72 - 🐍 Python logging initialized
2026-02-08 09:03:35 [INFO] whatsapp_bot_python:37 - 🐍 Initializing Python Application with modern architecture...
2026-02-08 09:03:35 [INFO] whatsapp_bot_python:87 - ✅ Services registered in DI container
2026-02-08 09:03:38 [INFO] whatsapp_bot_python:100 - ✅ Core services initialized
2026-02-08 09:03:38 [INFO] whatsapp_bot_python:49 - ✅ Python Application initialized successfully
2026-02-08 09:03:38 [INFO] whatsapp_bot_python:108 - 🚀 Starting Python Application...
2026-02-08 09:03:38 [INFO] whatsapp_bot_python:122 - 🔄 Starting message processing loop...
2026-02-08 09:09:35 [INFO] whatsapp_bot_python:201 - 🛑 Stopping Python Application...
2026-02-08 09:09:35 [INFO] whatsapp_bot_python:206 - ✅ Python Application stopped
2026-02-08 09:36:32 [INFO] whatsapp_bot_python:72 - 🐍 Python logging initialized
2026-02-08 09:36:32 [INFO] whatsapp_bot_python:37 - 🐍 Initializing Python Application with modern architecture...
2026-02-08 09:36:32 [INFO] whatsapp_bot_python:87 - ✅ Services registered in DI container
2026-02-08 09:36:36 [INFO] whatsapp_bot_python:100 - ✅ Core services initialized
2026-02-08 09:36:36 [INFO] whatsapp_bot_python:49 - ✅ Python Application initialized successfully
2026-02-08 09:36:36 [INFO] whatsapp_bot_python:108 - 🚀 Starting Python Application...
2026-02-08 09:36:36 [INFO] whatsapp_bot_python:122 - 🔄 Starting message processing loop...
2026-02-08 09:41:25 [INFO] whatsapp_bot_python:201 - 🛑 Stopping Python Application...
2026-02-08 09:41:25 [INFO] whatsapp_bot_python:206 - ✅ Python Application stopped
2026-02-09 08:55:56 [INFO] whatsapp_bot_python:72 - 🐍 Python logging initialized
2026-02-09 08:55:56 [INFO] whatsapp_bot_python:37 - 🐍 Initializing Python Application with modern architecture...
2026-02-09 08:55:56 [INFO] whatsapp_bot_python:87 - ✅ Services registered in DI container
2026-02-09 08:56:01 [INFO] whatsapp_bot_python:100 - ✅ Core services initialized
2026-02-09 08:56:01 [INFO] whatsapp_bot_python:49 - ✅ Python Application initialized successfully
2026-02-09 08:56:01 [INFO] whatsapp_bot_python:108 - 🚀 Starting Python Application...
2026-02-09 08:56:01 [INFO] whatsapp_bot_python:122 - 🔄 Starting message processing loop...
2026-02-09 09:34:18 [INFO] whatsapp_bot_python:201 - 🛑 Stopping Python Application...
2026-02-09 09:34:18 [INFO] whatsapp_bot_python:206 - ✅ Python Application stopped
2026-02-09 09:34:31 [INFO] whatsapp_bot_python:72 - 🐍 Python logging initialized
2026-02-09 09:34:31 [INFO] whatsapp_bot_python:37 - 🐍 Initializing Python Application with modern architecture...
2026-02-09 09:34:31 [INFO] whatsapp_bot_python:87 - ✅ Services registered in DI container
2026-02-09 09:34:35 [INFO] whatsapp_bot_python:100 - ✅ Core services initialized
2026-02-09 09:34:35 [INFO] whatsapp_bot_python:49 - ✅ Python Application initialized successfully
2026-02-09 09:34:35 [INFO] whatsapp_bot_python:108 - 🚀 Starting Python Application...
2026-02-09 09:34:35 [INFO] whatsapp_bot_python:122 - 🔄 Starting message processing loop...
2026-02-09 09:38:30 [INFO] whatsapp_bot_python:201 - 🛑 Stopping Python Application...
2026-02-09 09:38:30 [INFO] whatsapp_bot_python:206 - ✅ Python Application stopped
2026-02-09 09:38:57 [INFO] whatsapp_bot_python:72 - 🐍 Python logging initialized
2026-02-09 09:38:57 [INFO] whatsapp_bot_python:37 - 🐍 Initializing Python Application with modern architecture...
2026-02-09 09:38:57 [INFO] whatsapp_bot_python:87 - ✅ Services registered in DI container
2026-02-09 09:39:00 [INFO] whatsapp_bot_python:100 - ✅ Core services initialized
2026-02-09 09:39:00 [INFO] whatsapp_bot_python:49 - ✅ Python Application initialized successfully
2026-02-09 09:39:00 [INFO] whatsapp_bot_python:108 - 🚀 Starting Python Application...
2026-02-09 09:39:00 [INFO] whatsapp_bot_python:122 - 🔄 Starting message processing loop...
2026-02-09 09:39:58 [INFO] whatsapp_bot_python:201 - 🛑 Stopping Python Application...
2026-02-09 09:39:58 [INFO] whatsapp_bot_python:206 - ✅ Python Application stopped
2026-02-09 09:40:49 [INFO] whatsapp_bot_python:72 - 🐍 Python logging initialized
2026-02-09 09:40:49 [INFO] whatsapp_bot_python:37 - 🐍 Initializing Python Application with modern architecture...
2026-02-09 09:40:49 [INFO] whatsapp_bot_python:87 - ✅ Services registered in DI container
2026-02-09 09:40:52 [INFO] whatsapp_bot_python:100 - ✅ Core services initialized
2026-02-09 09:40:52 [INFO] whatsapp_bot_python:49 - ✅ Python Application initialized successfully
2026-02-09 09:40:52 [INFO] whatsapp_bot_python:108 - 🚀 Starting Python Application...
2026-02-09 09:40:52 [INFO] whatsapp_bot_python:122 - 🔄 Starting message processing loop...
2026-02-09 09:40:57 [INFO] whatsapp_bot_python:201 - 🛑 Stopping Python Application...
2026-02-09 09:40:57 [INFO] whatsapp_bot_python:206 - ✅ Python Application stopped
2026-02-09 09:41:08 [INFO] whatsapp_bot_python:72 - 🐍 Python logging initialized
2026-02-09 09:41:08 [INFO] whatsapp_bot_python:37 - 🐍 Initializing Python Application with modern architecture...
2026-02-09 09:41:08 [INFO] whatsapp_bot_python:87 - ✅ Services registered in DI container
2026-02-09 09:41:11 [INFO] whatsapp_bot_python:100 - ✅ Core services initialized
2026-02-09 09:41:11 [INFO] whatsapp_bot_python:49 - ✅ Python Application initialized successfully
2026-02-09 09:41:11 [INFO] whatsapp_bot_python:108 - 🚀 Starting Python Application...
2026-02-09 09:41:11 [INFO] whatsapp_bot_python:122 - 🔄 Starting message processing loop...
2026-02-09 09:53:06 [INFO] whatsapp_bot_python:201 - 🛑 Stopping Python Application...
2026-02-09 09:53:06 [INFO] whatsapp_bot_python:206 - ✅ Python Application stopped
2026-02-09 10:27:14 [INFO] whatsapp_bot_python:72 - 🐍 Python logging initialized
2026-02-09 10:27:14 [INFO] whatsapp_bot_python:37 - 🐍 Initializing Python Application with modern architecture...
2026-02-09 10:27:14 [INFO] whatsapp_bot_python:87 - ✅ Services registered in DI container
2026-02-09 10:27:17 [INFO] whatsapp_bot_python:100 - ✅ Core services initialized
2026-02-09 10:27:17 [INFO] whatsapp_bot_python:49 - ✅ Python Application initialized successfully
2026-02-09 10:27:17 [INFO] whatsapp_bot_python:108 - 🚀 Starting Python Application...
2026-02-09 10:27:17 [INFO] whatsapp_bot_python:122 - 🔄 Starting message processing loop...
2026-02-09 10:33:28 [INFO] whatsapp_bot_python:201 - 🛑 Stopping Python Application...
2026-02-09 10:33:28 [INFO] whatsapp_bot_python:206 - ✅ Python Application stopped
2026-02-09 10:33:39 [INFO] whatsapp_bot_python:72 - 🐍 Python logging initialized
2026-02-09 10:33:39 [INFO] whatsapp_bot_python:37 - 🐍 Initializing Python Application with modern architecture...
2026-02-09 10:33:39 [INFO] whatsapp_bot_python:87 - ✅ Services registered in DI container
2026-02-09 10:33:42 [INFO] whatsapp_bot_python:100 - ✅ Core services initialized
2026-02-09 10:33:42 [INFO] whatsapp_bot_python:49 - ✅ Python Application initialized successfully
2026-02-09 10:33:42 [INFO] whatsapp_bot_python:108 - 🚀 Starting Python Application...
2026-02-09 10:33:42 [INFO] whatsapp_bot_python:122 - 🔄 Starting message processing loop...
2026-02-09 10:35:25 [INFO] whatsapp_bot_python:201 - 🛑 Stopping Python Application...
2026-02-09 10:35:25 [INFO] whatsapp_bot_python:206 - ✅ Python Application stopped
2026-02-09 10:35:38 [INFO] whatsapp_bot_python:72 - 🐍 Python logging initialized
2026-02-09 10:35:38 [INFO] whatsapp_bot_python:37 - 🐍 Initializing Python Application with modern architecture...
2026-02-09 10:35:38 [INFO] whatsapp_bot_python:87 - ✅ Services registered in DI container
2026-02-09 10:35:41 [INFO] whatsapp_bot_python:100 - ✅ Core services initialized
2026-02-09 10:35:41 [INFO] whatsapp_bot_python:49 - ✅ Python Application initialized successfully
2026-02-09 10:35:41 [INFO] whatsapp_bot_python:108 - 🚀 Starting Python Application...
2026-02-09 10:35:41 [INFO] whatsapp_bot_python:122 - 🔄 Starting message processing loop...
2026-02-09 10:39:13 [INFO] whatsapp_bot_python:201 - 🛑 Stopping Python Application...
2026-02-09 10:39:13 [INFO] whatsapp_bot_python:206 - ✅ Python Application stopped
2026-02-09 10:39:30 [INFO] whatsapp_bot_python:72 - 🐍 Python logging initialized
2026-02-09 10:39:30 [INFO] whatsapp_bot_python:37 - 🐍 Initializing Python Application with modern architecture...
2026-02-09 10:39:30 [INFO] whatsapp_bot_python:87 - ✅ Services registered in DI container
2026-02-09 10:39:35 [INFO] whatsapp_bot_python:100 - ✅ Core services initialized
2026-02-09 10:39:35 [INFO] whatsapp_bot_python:49 - ✅ Python Application initialized successfully
2026-02-09 10:39:35 [INFO] whatsapp_bot_python:108 - 🚀 Starting Python Application...
2026-02-09 10:39:35 [INFO] whatsapp_bot_python:122 - 🔄 Starting message processing loop...
2026-02-09 10:41:02 [INFO] whatsapp_bot_python:201 - 🛑 Stopping Python Application...
2026-02-09 10:41:02 [INFO] whatsapp_bot_python:206 - ✅ Python Application stopped
2026-02-09 10:41:14 [INFO] whatsapp_bot_python:72 - 🐍 Python logging initialized
2026-02-09 10:41:14 [INFO] whatsapp_bot_python:37 - 🐍 Initializing Python Application with modern architecture...
2026-02-09 10:41:14 [INFO] whatsapp_bot_python:87 - ✅ Services registered in DI container
2026-02-09 10:41:20 [INFO] whatsapp_bot_python:100 - ✅ Core services initialized
2026-02-09 10:41:20 [INFO] whatsapp_bot_python:49 - ✅ Python Application initialized successfully
2026-02-09 10:41:20 [INFO] whatsapp_bot_python:108 - 🚀 Starting Python Application...
2026-02-09 10:41:20 [INFO] whatsapp_bot_python:122 - 🔄 Starting message processing loop...
2026-02-09 10:43:13 [INFO] whatsapp_bot_python:201 - 🛑 Stopping Python Application...
2026-02-09 10:43:13 [INFO] whatsapp_bot_python:206 - ✅ Python Application stopped
2026-02-09 10:43:25 [INFO] whatsapp_bot_python:72 - 🐍 Python logging initialized
2026-02-09 10:43:25 [INFO] whatsapp_bot_python:37 - 🐍 Initializing Python Application with modern architecture...
2026-02-09 10:43:25 [INFO] whatsapp_bot_python:87 - ✅ Services registered in DI container
2026-02-09 10:43:28 [INFO] whatsapp_bot_python:100 - ✅ Core services initialized
2026-02-09 10:43:28 [INFO] whatsapp_bot_python:49 - ✅ Python Application initialized successfully
2026-02-09 10:43:28 [INFO] whatsapp_bot_python:108 - 🚀 Starting Python Application...
2026-02-09 10:43:28 [INFO] whatsapp_bot_python:122 - 🔄 Starting message processing loop...
2026-02-09 10:46:20 [INFO] whatsapp_bot_python:201 - 🛑 Stopping Python Application...
2026-02-09 10:46:20 [INFO] whatsapp_bot_python:206 - ✅ Python Application stopped
2026-02-09 10:47:36 [INFO] whatsapp_bot_python:72 - 🐍 Python logging initialized
2026-02-09 10:47:36 [INFO] whatsapp_bot_python:37 - 🐍 Initializing Python Application with modern architecture...
2026-02-09 10:47:36 [INFO] whatsapp_bot_python:87 - ✅ Services registered in DI container
2026-02-09 10:47:39 [INFO] whatsapp_bot_python:100 - ✅ Core services initialized
2026-02-09 10:47:39 [INFO] whatsapp_bot_python:49 - ✅ Python Application initialized successfully
2026-02-09 10:47:39 [INFO] whatsapp_bot_python:108 - 🚀 Starting Python Application...
2026-02-09 10:47:39 [INFO] whatsapp_bot_python:122 - 🔄 Starting message processing loop...
2026-02-09 10:55:06 [INFO] whatsapp_bot_python:201 - 🛑 Stopping Python Application...
2026-02-09 10:55:06 [INFO] whatsapp_bot_python:206 - ✅ Python Application stopped
2026-02-09 11:04:13 [INFO] whatsapp_bot_python:72 - 🐍 Python logging initialized
2026-02-09 11:04:13 [INFO] whatsapp_bot_python:37 - 🐍 Initializing Python Application with modern architecture...
2026-02-09 11:04:13 [INFO] whatsapp_bot_python:87 - ✅ Services registered in DI container
2026-02-09 11:04:16 [INFO] whatsapp_bot_python:100 - ✅ Core services initialized
2026-02-09 11:04:16 [INFO] whatsapp_bot_python:49 - ✅ Python Application initialized successfully
2026-02-09 11:04:16 [INFO] whatsapp_bot_python:108 - 🚀 Starting Python Application...
2026-02-09 11:04:16 [INFO] whatsapp_bot_python:122 - 🔄 Starting message processing loop...
2026-02-09 11:05:45 [INFO] whatsapp_bot_python:72 - 🐍 Python logging initialized
2026-02-09 11:05:45 [INFO] whatsapp_bot_python:37 - 🐍 Initializing Python Application with modern architecture...
2026-02-09 11:05:45 [INFO] whatsapp_bot_python:87 - ✅ Services registered in DI container
2026-02-09 11:05:47 [INFO] whatsapp_bot_python:100 - ✅ Core services initialized
2026-02-09 11:05:47 [INFO] whatsapp_bot_python:49 - ✅ Python Application initialized successfully
2026-02-09 11:05:47 [INFO] whatsapp_bot_python:108 - 🚀 Starting Python Application...
2026-02-09 11:05:47 [INFO] whatsapp_bot_python:122 - 🔄 Starting message processing loop...
2026-02-09 11:09:14 [INFO] whatsapp_bot_python:114 - ✅ Python Application started successfully
2026-02-09 11:09:14 [INFO] whatsapp_bot_python:201 - 🛑 Stopping Python Application...
2026-02-09 11:09:14 [INFO] whatsapp_bot_python:206 - ✅ Python Application stopped
2026-02-09 11:09:45 [INFO] whatsapp_bot_python:72 - 🐍 Python logging initialized
2026-02-09 11:09:45 [INFO] whatsapp_bot_python:37 - 🐍 Initializing Python Application with modern architecture...
2026-02-09 11:09:45 [INFO] whatsapp_bot_python:87 - ✅ Services registered in DI container
2026-02-09 11:09:46 [INFO] whatsapp_bot_python:100 - ✅ Core services initialized
2026-02-09 11:09:46 [INFO] whatsapp_bot_python:49 - ✅ Python Application initialized successfully
2026-02-09 11:09:46 [INFO] whatsapp_bot_python:108 - 🚀 Starting Python Application...
2026-02-09 11:09:46 [INFO] whatsapp_bot_python:122 - 🔄 Starting message processing loop...
2026-02-09 11:14:17 [INFO] whatsapp_bot_python:72 - 🐍 Python logging initialized
2026-02-09 11:14:17 [INFO] whatsapp_bot_python:37 - 🐍 Initializing Python Application with modern architecture...
2026-02-09 11:14:17 [INFO] whatsapp_bot_python:87 - ✅ Services registered in DI container
2026-02-09 11:14:18 [INFO] whatsapp_bot_python:100 - ✅ Core services initialized
2026-02-09 11:14:18 [INFO] whatsapp_bot_python:49 - ✅ Python Application initialized successfully
2026-02-09 11:14:18 [INFO] whatsapp_bot_python:108 - 🚀 Starting Python Application...
2026-02-09 11:14:18 [INFO] whatsapp_bot_python:122 - 🔄 Starting message processing loop...
2026-02-09 11:14:45 [INFO] whatsapp_bot_python:72 - 🐍 Python logging initialized
2026-02-09 11:14:45 [INFO] whatsapp_bot_python:37 - 🐍 Initializing Python Application with modern architecture...
2026-02-09 11:14:45 [INFO] whatsapp_bot_python:87 - ✅ Services registered in DI container
2026-02-09 11:14:46 [INFO] whatsapp_bot_python:100 - ✅ Core services initialized
2026-02-09 11:14:46 [INFO] whatsapp_bot_python:49 - ✅ Python Application initialized successfully
2026-02-09 11:15:18 [INFO] whatsapp_bot_python:72 - 🐍 Python logging initialized
2026-02-09 11:15:18 [INFO] whatsapp_bot_python:37 - 🐍 Initializing Python Application with modern architecture...
2026-02-09 11:15:18 [INFO] whatsapp_bot_python:85 - ✅ Services registered in DI container
2026-02-09 11:15:19 [INFO] whatsapp_bot_python:98 - ✅ Core services initialized
2026-02-09 11:15:19 [INFO] whatsapp_bot_python:49 - ✅ Python Application initialized successfully
2026-02-09 11:15:33 [INFO] whatsapp_bot_python:201 - 🛑 Stopping Python Application...
2026-02-09 11:15:33 [INFO] whatsapp_bot_python:206 - ✅ Python Application stopped
2026-02-09 11:15:50 [INFO] whatsapp_bot_python:72 - 🐍 Python logging initialized
2026-02-09 11:15:50 [INFO] whatsapp_bot_python:37 - 🐍 Initializing Python Application with modern architecture...
2026-02-09 11:15:50 [INFO] whatsapp_bot_python:85 - ✅ Services registered in DI container
2026-02-09 11:15:50 [INFO] whatsapp_bot_python:98 - ✅ Core services initialized
2026-02-09 11:15:50 [INFO] whatsapp_bot_python:49 - ✅ Python Application initialized successfully
2026-02-09 11:15:50 [INFO] whatsapp_bot_python:106 - 🚀 Starting Python Application...
2026-02-09 11:15:50 [INFO] whatsapp_bot_python:120 - 🔄 Starting message processing loop...
2026-02-09 11:17:58 [INFO] whatsapp_bot_python:199 - 🛑 Stopping Python Application...
2026-02-09 11:17:58 [INFO] whatsapp_bot_python:204 - ✅ Python Application stopped
2026-02-09 18:52:28 [INFO] whatsapp_bot_python:72 - 🐍 Python logging initialized
2026-02-09 18:52:28 [INFO] whatsapp_bot_python:37 - 🐍 Initializing Python Application with modern architecture...
2026-02-09 18:52:28 [INFO] whatsapp_bot_python:85 - ✅ Services registered in DI container
2026-02-09 18:52:30 [INFO] whatsapp_bot_python:98 - ✅ Core services initialized
2026-02-09 18:52:30 [INFO] whatsapp_bot_python:49 - ✅ Python Application initialized successfully
2026-02-09 18:52:30 [INFO] whatsapp_bot_python:106 - 🚀 Starting Python Application...
2026-02-09 18:52:30 [INFO] whatsapp_bot_python:120 - 🔄 Starting message processing loop...
2026-02-09 19:03:30 [INFO] whatsapp_bot_python:199 - 🛑 Stopping Python Application...
2026-02-09 19:03:30 [INFO] whatsapp_bot_python:204 - ✅ Python Application stopped
2026-02-09 19:04:52 [INFO] whatsapp_bot_python:72 - 🐍 Python logging initialized
2026-02-09 19:04:52 [INFO] whatsapp_bot_python:37 - 🐍 Initializing Python Application with modern architecture...
2026-02-09 19:04:52 [INFO] whatsapp_bot_python:85 - ✅ Services registered in DI container
2026-02-09 19:04:53 [INFO] whatsapp_bot_python:98 - ✅ Core services initialized
2026-02-09 19:04:53 [INFO] whatsapp_bot_python:49 - ✅ Python Application initialized successfully
2026-02-09 19:04:53 [INFO] whatsapp_bot_python:106 - 🚀 Starting Python Application...
2026-02-09 19:04:53 [INFO] whatsapp_bot_python:120 - 🔄 Starting message processing loop...
2026-02-09 19:11:24 [INFO] whatsapp_bot_python:199 - 🛑 Stopping Python Application...
2026-02-09 19:11:24 [INFO] whatsapp_bot_python:204 - ✅ Python Application stopped
2026-02-09 19:11:47 [INFO] whatsapp_bot_python:72 - 🐍 Python logging initialized
2026-02-09 19:11:47 [INFO] whatsapp_bot_python:37 - 🐍 Initializing Python Application with modern architecture...
2026-02-09 19:11:47 [INFO] whatsapp_bot_python:85 - ✅ Services registered in DI container
2026-02-09 19:11:48 [INFO] whatsapp_bot_python:98 - ✅ Core services initialized
2026-02-09 19:11:48 [INFO] whatsapp_bot_python:49 - ✅ Python Application initialized successfully
2026-02-09 19:11:48 [INFO] whatsapp_bot_python:106 - 🚀 Starting Python Application...
2026-02-09 19:11:48 [INFO] whatsapp_bot_python:120 - 🔄 Starting message processing loop...
2026-02-09 19:12:10 [INFO] whatsapp_bot_python:199 - 🛑 Stopping Python Application...
2026-02-09 19:12:10 [INFO] whatsapp_bot_python:204 - ✅ Python Application stopped
2026-02-10 12:30:51 [INFO] whatsapp_bot_python:72 - 🐍 Python logging initialized
2026-02-10 12:30:51 [INFO] whatsapp_bot_python:37 - 🐍 Initializing Python Application with modern architecture...
2026-02-10 12:30:51 [INFO] whatsapp_bot_python:85 - ✅ Services registered in DI container
2026-02-10 12:30:52 [INFO] whatsapp_bot_python:98 - ✅ Core services initialized
2026-02-10 12:30:52 [INFO] whatsapp_bot_python:49 - ✅ Python Application initialized successfully
2026-02-10 12:30:52 [INFO] whatsapp_bot_python:106 - 🚀 Starting Python Application...
2026-02-10 12:30:52 [INFO] whatsapp_bot_python:120 - 🔄 Starting message processing loop...
2026-02-10 12:47:51 [INFO] whatsapp_bot_python:199 - 🛑 Stopping Python Application...
2026-02-10 12:47:51 [INFO] whatsapp_bot_python:204 - ✅ Python Application stopped
2026-02-11 08:19:04 [INFO] whatsapp_bot_python:72 - 🐍 Python logging initialized
2026-02-11 08:19:04 [INFO] whatsapp_bot_python:37 - 🐍 Initializing Python Application with modern architecture...
2026-02-11 08:19:04 [INFO] whatsapp_bot_python:85 - ✅ Services registered in DI container
2026-02-11 08:19:04 [INFO] whatsapp_bot_python:98 - ✅ Core services initialized
2026-02-11 08:19:04 [INFO] whatsapp_bot_python:49 - ✅ Python Application initialized successfully
2026-02-11 08:19:04 [INFO] whatsapp_bot_python:106 - 🚀 Starting Python Application...
2026-02-11 08:19:04 [INFO] whatsapp_bot_python:120 - 🔄 Starting message processing loop...
2026-02-11 08:34:04 [INFO] whatsapp_bot_python:199 - 🛑 Stopping Python Application...
2026-02-11 08:34:04 [INFO] whatsapp_bot_python:204 - ✅ Python Application stopped
2026-02-11 08:40:27 [INFO] whatsapp_bot_python:72 - 🐍 Python logging initialized
2026-02-11 08:40:27 [INFO] whatsapp_bot_python:37 - 🐍 Initializing Python Application with modern architecture...
2026-02-11 08:40:27 [INFO] whatsapp_bot_python:85 - ✅ Services registered in DI container
2026-02-11 08:40:28 [INFO] whatsapp_bot_python:98 - ✅ Core services initialized
2026-02-11 08:40:28 [INFO] whatsapp_bot_python:49 - ✅ Python Application initialized successfully
2026-02-11 08:40:28 [INFO] whatsapp_bot_python:106 - 🚀 Starting Python Application...
2026-02-11 08:40:28 [INFO] whatsapp_bot_python:120 - 🔄 Starting message processing loop...
2026-02-11 08:42:27 [INFO] whatsapp_bot_python:199 - 🛑 Stopping Python Application...
2026-02-11 08:42:27 [INFO] whatsapp_bot_python:204 - ✅ Python Application stopped
2026-02-11 08:58:08 [INFO] whatsapp_bot_python:72 - 🐍 Python logging initialized
2026-02-11 08:58:08 [INFO] whatsapp_bot_python:37 - 🐍 Initializing Python Application with modern architecture...
2026-02-11 08:58:08 [INFO] whatsapp_bot_python:85 - ✅ Services registered in DI container
2026-02-11 08:58:09 [INFO] whatsapp_bot_python:98 - ✅ Core services initialized
2026-02-11 08:58:09 [INFO] whatsapp_bot_python:49 - ✅ Python Application initialized successfully
2026-02-11 08:58:09 [INFO] whatsapp_bot_python:106 - 🚀 Starting Python Application...
2026-02-11 08:58:09 [INFO] whatsapp_bot_python:120 - 🔄 Starting message processing loop...
2026-02-11 09:00:29 [INFO] whatsapp_bot_python:199 - 🛑 Stopping Python Application...
2026-02-11 09:00:29 [INFO] whatsapp_bot_python:204 - ✅ Python Application stopped
2026-02-11 09:25:34 [INFO] whatsapp_bot_python:72 - 🐍 Python logging initialized
2026-02-11 09:25:34 [INFO] whatsapp_bot_python:37 - 🐍 Initializing Python Application with modern architecture...
2026-02-11 09:25:34 [INFO] whatsapp_bot_python:85 - ✅ Services registered in DI container
2026-02-11 09:25:35 [INFO] whatsapp_bot_python:98 - ✅ Core services initialized
2026-02-11 09:25:35 [INFO] whatsapp_bot_python:49 - ✅ Python Application initialized successfully
2026-02-11 09:25:35 [INFO] whatsapp_bot_python:106 - 🚀 Starting Python Application...
2026-02-11 09:25:35 [INFO] whatsapp_bot_python:120 - 🔄 Starting message processing loop...
2026-02-11 09:28:07 [INFO] whatsapp_bot_python:199 - 🛑 Stopping Python Application...
2026-02-11 09:28:07 [INFO] whatsapp_bot_python:204 - ✅ Python Application stopped
2026-02-11 11:01:20 [INFO] whatsapp_bot_python:72 - 🐍 Python logging initialized
2026-02-11 11:01:20 [INFO] whatsapp_bot_python:37 - 🐍 Initializing Python Application with modern architecture...
2026-02-11 11:01:20 [INFO] whatsapp_bot_python:85 - ✅ Services registered in DI container
2026-02-11 11:01:21 [INFO] whatsapp_bot_python:98 - ✅ Core services initialized
2026-02-11 11:01:21 [INFO] whatsapp_bot_python:49 - ✅ Python Application initialized successfully
2026-02-11 11:01:21 [INFO] whatsapp_bot_python:106 - 🚀 Starting Python Application...
2026-02-11 11:01:21 [INFO] whatsapp_bot_python:120 - 🔄 Starting message processing loop...
2026-02-11 11:21:11 [INFO] whatsapp_bot_python:112 - ✅ Python Application started successfully
2026-02-11 11:21:11 [INFO] whatsapp_bot_python:199 - 🛑 Stopping Python Application...
2026-02-11 11:21:11 [INFO] whatsapp_bot_python:204 - ✅ Python Application stopped
2026-02-11 11:21:31 [INFO] whatsapp_bot_python:72 - 🐍 Python logging initialized
2026-02-11 11:21:31 [INFO] whatsapp_bot_python:37 - 🐍 Initializing Python Application with modern architecture...
2026-02-11 11:21:31 [INFO] whatsapp_bot_python:85 - ✅ Services registered in DI container
2026-02-11 11:21:31 [INFO] whatsapp_bot_python:98 - ✅ Core services initialized
2026-02-11 11:21:31 [INFO] whatsapp_bot_python:49 - ✅ Python Application initialized successfully
2026-02-11 11:21:31 [INFO] whatsapp_bot_python:106 - 🚀 Starting Python Application...
2026-02-11 11:21:31 [INFO] whatsapp_bot_python:120 - 🔄 Starting message processing loop...
2026-02-11 11:35:40 [INFO] whatsapp_bot_python:199 - 🛑 Stopping Python Application...
2026-02-11 11:35:40 [INFO] whatsapp_bot_python:204 - ✅ Python Application stopped
2026-02-11 11:40:13 [INFO] whatsapp_bot_python:72 - 🐍 Python logging initialized
2026-02-11 11:40:13 [INFO] whatsapp_bot_python:37 - 🐍 Initializing Python Application with modern architecture...
2026-02-11 11:40:13 [INFO] whatsapp_bot_python:85 - ✅ Services registered in DI container
2026-02-11 11:40:14 [INFO] whatsapp_bot_python:98 - ✅ Core services initialized
2026-02-11 11:40:14 [INFO] whatsapp_bot_python:49 - ✅ Python Application initialized successfully
2026-02-11 11:40:14 [INFO] whatsapp_bot_python:106 - 🚀 Starting Python Application...
2026-02-11 11:40:14 [INFO] whatsapp_bot_python:120 - 🔄 Starting message processing loop...
2026-02-11 11:41:40 [INFO] whatsapp_bot_python:199 - 🛑 Stopping Python Application...
2026-02-11 11:41:40 [INFO] whatsapp_bot_python:204 - ✅ Python Application stopped
2026-02-11 11:41:56 [INFO] whatsapp_bot_python:72 - 🐍 Python logging initialized
2026-02-11 11:41:56 [INFO] whatsapp_bot_python:37 - 🐍 Initializing Python Application with modern architecture...
2026-02-11 11:41:56 [INFO] whatsapp_bot_python:85 - ✅ Services registered in DI container
2026-02-11 11:41:56 [INFO] whatsapp_bot_python:98 - ✅ Core services initialized
2026-02-11 11:41:56 [INFO] whatsapp_bot_python:49 - ✅ Python Application initialized successfully
2026-02-11 11:41:56 [INFO] whatsapp_bot_python:106 - 🚀 Starting Python Application...
2026-02-11 11:41:56 [INFO] whatsapp_bot_python:120 - 🔄 Starting message processing loop...
2026-02-11 11:51:27 [INFO] whatsapp_bot_python:199 - 🛑 Stopping Python Application...
2026-02-11 11:51:27 [INFO] whatsapp_bot_python:204 - ✅ Python Application stopped
2026-02-11 13:43:19 [INFO] whatsapp_bot_python:72 - 🐍 Python logging initialized
2026-02-11 13:43:19 [INFO] whatsapp_bot_python:37 - 🐍 Initializing Python Application with modern architecture...
2026-02-11 13:43:19 [INFO] whatsapp_bot_python:85 - ✅ Services registered in DI container
2026-02-11 13:43:20 [INFO] whatsapp_bot_python:98 - ✅ Core services initialized
2026-02-11 13:43:20 [INFO] whatsapp_bot_python:49 - ✅ Python Application initialized successfully
2026-02-11 13:43:20 [INFO] whatsapp_bot_python:106 - 🚀 Starting Python Application...
2026-02-11 13:43:20 [INFO] whatsapp_bot_python:120 - 🔄 Starting message processing loop...
2026-02-11 13:48:14 [INFO] whatsapp_bot_python:199 - 🛑 Stopping Python Application...
2026-02-11 13:48:14 [INFO] whatsapp_bot_python:204 - ✅ Python Application stopped
2026-02-11 13:50:41 [INFO] whatsapp_bot_python:72 - 🐍 Python logging initialized
2026-02-11 13:50:41 [INFO] whatsapp_bot_python:37 - 🐍 Initializing Python Application with modern architecture...
2026-02-11 13:50:41 [INFO] whatsapp_bot_python:85 - ✅ Services registered in DI container
2026-02-11 13:50:41 [INFO] whatsapp_bot_python:98 - ✅ Core services initialized
2026-02-11 13:50:41 [INFO] whatsapp_bot_python:49 - ✅ Python Application initialized successfully
2026-02-11 13:50:41 [INFO] whatsapp_bot_python:106 - 🚀 Starting Python Application...
2026-02-11 13:50:41 [INFO] whatsapp_bot_python:120 - 🔄 Starting message processing loop...
2026-02-11 13:53:54 [INFO] whatsapp_bot_python:112 - ✅ Python Application started successfully
2026-02-11 13:53:54 [INFO] whatsapp_bot_python:199 - 🛑 Stopping Python Application...
2026-02-11 13:53:54 [INFO] whatsapp_bot_python:204 - ✅ Python Application stopped
2026-02-11 13:54:04 [INFO] whatsapp_bot_python:72 - 🐍 Python logging initialized
2026-02-11 13:54:04 [INFO] whatsapp_bot_python:37 - 🐍 Initializing Python Application with modern architecture...
2026-02-11 13:54:04 [INFO] whatsapp_bot_python:85 - ✅ Services registered in DI container
2026-02-11 13:54:05 [INFO] whatsapp_bot_python:98 - ✅ Core services initialized
2026-02-11 13:54:05 [INFO] whatsapp_bot_python:49 - ✅ Python Application initialized successfully
2026-02-11 13:54:05 [INFO] whatsapp_bot_python:106 - 🚀 Starting Python Application...
2026-02-11 13:54:05 [INFO] whatsapp_bot_python:120 - 🔄 Starting message processing loop...
2026-02-11 13:56:49 [INFO] whatsapp_bot_python:199 - 🛑 Stopping Python Application...
2026-02-11 13:56:49 [INFO] whatsapp_bot_python:204 - ✅ Python Application stopped
2026-02-12 09:23:06 [INFO] whatsapp_bot_python:72 - 🐍 Python logging initialized
2026-02-12 09:23:06 [INFO] whatsapp_bot_python:38 - 🐍 Initializing Python Application with modern architecture...
2026-02-12 09:23:06 [INFO] whatsapp_bot_python:89 - ✅ Services registered in DI container
2026-02-12 09:23:07 [INFO] whatsapp_bot_python:102 - ✅ Core services initialized
2026-02-12 09:23:07 [INFO] whatsapp_bot_python:50 - ✅ Python Application initialized successfully
2026-02-12 09:23:07 [INFO] whatsapp_bot_python:110 - 🚀 Starting Python Application...
2026-02-12 09:23:07 [INFO] whatsapp_bot_python:124 - 🔄 Starting message processing loop...
2026-02-12 09:26:42 [INFO] whatsapp_bot_python:116 - ✅ Python Application started successfully
2026-02-12 09:26:42 [INFO] whatsapp_bot_python:210 - 🛑 Stopping Python Application...
2026-02-12 09:26:42 [INFO] whatsapp_bot_python:215 - ✅ Python Application stopped
2026-02-12 09:27:03 [INFO] whatsapp_bot_python:72 - 🐍 Python logging initialized
2026-02-12 09:27:03 [INFO] whatsapp_bot_python:38 - 🐍 Initializing Python Application with modern architecture...
2026-02-12 09:27:03 [INFO] whatsapp_bot_python:89 - ✅ Services registered in DI container
2026-02-12 09:27:04 [INFO] whatsapp_bot_python:102 - ✅ Core services initialized
2026-02-12 09:27:04 [INFO] whatsapp_bot_python:50 - ✅ Python Application initialized successfully
2026-02-12 09:27:04 [INFO] whatsapp_bot_python:110 - 🚀 Starting Python Application...
2026-02-12 09:27:04 [INFO] whatsapp_bot_python:124 - 🔄 Starting message processing loop...
2026-02-12 09:30:07 [INFO] whatsapp_bot_python:116 - ✅ Python Application started successfully
2026-02-12 09:30:07 [INFO] whatsapp_bot_python:210 - 🛑 Stopping Python Application...
2026-02-12 09:30:07 [INFO] whatsapp_bot_python:215 - ✅ Python Application stopped
2026-02-12 09:30:27 [INFO] whatsapp_bot_python:72 - 🐍 Python logging initialized
2026-02-12 09:30:27 [INFO] whatsapp_bot_python:38 - 🐍 Initializing Python Application with modern architecture...
2026-02-12 09:30:27 [INFO] whatsapp_bot_python:89 - ✅ Services registered in DI container
2026-02-12 09:30:27 [INFO] whatsapp_bot_python:102 - ✅ Core services initialized
2026-02-12 09:30:27 [INFO] whatsapp_bot_python:50 - ✅ Python Application initialized successfully
2026-02-12 09:30:27 [INFO] whatsapp_bot_python:110 - 🚀 Starting Python Application...
2026-02-12 09:30:27 [INFO] whatsapp_bot_python:124 - 🔄 Starting message processing loop...
2026-02-12 09:32:57 [INFO] whatsapp_bot_python:210 - 🛑 Stopping Python Application...
2026-02-12 09:32:57 [INFO] whatsapp_bot_python:215 - ✅ Python Application stopped
2026-02-12 09:33:27 [INFO] whatsapp_bot_python:72 - 🐍 Python logging initialized
2026-02-12 09:33:27 [INFO] whatsapp_bot_python:38 - 🐍 Initializing Python Application with modern architecture...
2026-02-12 09:33:27 [INFO] whatsapp_bot_python:89 - ✅ Services registered in DI container
2026-02-12 09:33:28 [INFO] whatsapp_bot_python:102 - ✅ Core services initialized
2026-02-12 09:33:28 [INFO] whatsapp_bot_python:50 - ✅ Python Application initialized successfully
2026-02-12 09:33:28 [INFO] whatsapp_bot_python:110 - 🚀 Starting Python Application...
2026-02-12 09:33:28 [INFO] whatsapp_bot_python:124 - 🔄 Starting message processing loop...
2026-02-12 09:36:20 [INFO] whatsapp_bot_python:116 - ✅ Python Application started successfully
2026-02-12 09:36:20 [INFO] whatsapp_bot_python:210 - 🛑 Stopping Python Application...
2026-02-12 09:36:20 [INFO] whatsapp_bot_python:215 - ✅ Python Application stopped
2026-02-12 09:36:46 [INFO] whatsapp_bot_python:72 - 🐍 Python logging initialized
2026-02-12 09:36:46 [INFO] whatsapp_bot_python:38 - 🐍 Initializing Python Application with modern architecture...
2026-02-12 09:36:46 [INFO] whatsapp_bot_python:89 - ✅ Services registered in DI container
2026-02-12 09:36:47 [INFO] whatsapp_bot_python:102 - ✅ Core services initialized
2026-02-12 09:36:47 [INFO] whatsapp_bot_python:50 - ✅ Python Application initialized successfully
2026-02-12 09:36:47 [INFO] whatsapp_bot_python:110 - 🚀 Starting Python Application...
2026-02-12 09:36:47 [INFO] whatsapp_bot_python:124 - 🔄 Starting message processing loop...
2026-02-12 09:38:02 [INFO] whatsapp_bot_python:210 - 🛑 Stopping Python Application...
2026-02-12 09:38:02 [INFO] whatsapp_bot_python:215 - ✅ Python Application stopped
2026-02-12 09:43:38 [INFO] whatsapp_bot_python:72 - 🐍 Python logging initialized
2026-02-12 09:43:38 [INFO] whatsapp_bot_python:38 - 🐍 Initializing Python Application with modern architecture...
2026-02-12 09:43:38 [INFO] whatsapp_bot_python:89 - ✅ Services registered in DI container
2026-02-12 09:43:38 [INFO] whatsapp_bot_python:102 - ✅ Core services initialized
2026-02-12 09:43:38 [INFO] whatsapp_bot_python:50 - ✅ Python Application initialized successfully
2026-02-12 09:43:38 [INFO] whatsapp_bot_python:110 - 🚀 Starting Python Application...
2026-02-12 09:43:38 [INFO] whatsapp_bot_python:124 - 🔄 Starting message processing loop...
2026-02-12 09:45:38 [INFO] whatsapp_bot_python:210 - 🛑 Stopping Python Application...
2026-02-12 09:45:38 [INFO] whatsapp_bot_python:215 - ✅ Python Application stopped
2026-02-12 09:46:12 [INFO] whatsapp_bot_python:72 - 🐍 Python logging initialized
2026-02-12 09:46:12 [INFO] whatsapp_bot_python:38 - 🐍 Initializing Python Application with modern architecture...
2026-02-12 09:46:12 [INFO] whatsapp_bot_python:89 - ✅ Services registered in DI container
2026-02-12 09:46:12 [INFO] whatsapp_bot_python:102 - ✅ Core services initialized
2026-02-12 09:46:12 [INFO] whatsapp_bot_python:50 - ✅ Python Application initialized successfully
2026-02-12 09:46:12 [INFO] whatsapp_bot_python:110 - 🚀 Starting Python Application...
2026-02-12 09:46:12 [INFO] whatsapp_bot_python:124 - 🔄 Starting message processing loop...
2026-02-12 09:47:49 [INFO] whatsapp_bot_python:210 - 🛑 Stopping Python Application...
2026-02-12 09:47:49 [INFO] whatsapp_bot_python:215 - ✅ Python Application stopped
2026-02-13 18:05:44 [INFO] whatsapp_bot_python:72 - 🐍 Python logging initialized
2026-02-13 18:05:44 [INFO] whatsapp_bot_python:38 - 🐍 Initializing Python Application with modern architecture...
2026-02-13 18:05:44 [INFO] whatsapp_bot_python:89 - ✅ Services registered in DI container
2026-02-13 18:05:46 [INFO] whatsapp_bot_python:102 - ✅ Core services initialized
2026-02-13 18:05:46 [INFO] whatsapp_bot_python:50 - ✅ Python Application initialized successfully
2026-02-13 18:05:46 [INFO] whatsapp_bot_python:110 - 🚀 Starting Python Application...
2026-02-13 18:05:46 [INFO] whatsapp_bot_python:124 - 🔄 Starting message processing loop...
2026-02-13 18:36:47 [INFO] whatsapp_bot_python:210 - 🛑 Stopping Python Application...
2026-02-13 18:36:47 [INFO] whatsapp_bot_python:215 - ✅ Python Application stopped
2026-02-21 13:46:31 [INFO] whatsapp_bot_python:72 - 🐍 Python logging initialized
2026-02-21 13:46:31 [INFO] whatsapp_bot_python:38 - 🐍 Initializing Python Application with modern architecture...
2026-02-21 13:46:31 [INFO] whatsapp_bot_python:89 - ✅ Services registered in DI container
2026-02-21 13:46:32 [INFO] whatsapp_bot_python:102 - ✅ Core services initialized
2026-02-21 13:46:32 [INFO] whatsapp_bot_python:50 - ✅ Python Application initialized successfully
2026-02-21 13:46:32 [INFO] whatsapp_bot_python:110 - 🚀 Starting Python Application...
2026-02-21 13:46:32 [INFO] whatsapp_bot_python:124 - 🔄 Starting message processing loop...
2026-02-21 13:58:09 [INFO] whatsapp_bot_python:210 - 🛑 Stopping Python Application...
2026-02-21 13:58:09 [INFO] whatsapp_bot_python:215 - ✅ Python Application stopped
2026-02-21 13:58:22 [INFO] whatsapp_bot_python:72 - 🐍 Python logging initialized
2026-02-21 13:58:22 [INFO] whatsapp_bot_python:38 - 🐍 Initializing Python Application with modern architecture...
2026-02-21 13:58:22 [INFO] whatsapp_bot_python:89 - ✅ Services registered in DI container
2026-02-21 13:58:23 [INFO] whatsapp_bot_python:102 - ✅ Core services initialized
2026-02-21 13:58:23 [INFO] whatsapp_bot_python:50 - ✅ Python Application initialized successfully
2026-02-21 13:58:23 [INFO] whatsapp_bot_python:110 - 🚀 Starting Python Application...
2026-02-21 13:58:23 [INFO] whatsapp_bot_python:124 - 🔄 Starting message processing loop...
2026-02-21 14:09:32 [INFO] whatsapp_bot_python:210 - 🛑 Stopping Python Application...
2026-02-21 14:09:32 [INFO] whatsapp_bot_python:215 - ✅ Python Application stopped
2026-02-21 14:09:44 [INFO] whatsapp_bot_python:72 - 🐍 Python logging initialized
2026-02-21 14:09:44 [INFO] whatsapp_bot_python:38 - 🐍 Initializing Python Application with modern architecture...
2026-02-21 14:09:44 [INFO] whatsapp_bot_python:89 - ✅ Services registered in DI container
2026-02-21 14:09:45 [INFO] whatsapp_bot_python:102 - ✅ Core services initialized
2026-02-21 14:09:45 [INFO] whatsapp_bot_python:50 - ✅ Python Application initialized successfully
2026-02-21 14:09:45 [INFO] whatsapp_bot_python:110 - 🚀 Starting Python Application...
2026-02-21 14:09:45 [INFO] whatsapp_bot_python:124 - 🔄 Starting message processing loop...
2026-02-21 14:15:30 [INFO] whatsapp_bot_python:210 - 🛑 Stopping Python Application...
2026-02-21 14:15:30 [INFO] whatsapp_bot_python:215 - ✅ Python Application stopped
2026-02-21 14:15:42 [INFO] whatsapp_bot_python:72 - 🐍 Python logging initialized
2026-02-21 14:15:42 [INFO] whatsapp_bot_python:38 - 🐍 Initializing Python Application with modern architecture...
2026-02-21 14:15:42 [INFO] whatsapp_bot_python:89 - ✅ Services registered in DI container
2026-02-21 14:15:43 [INFO] whatsapp_bot_python:102 - ✅ Core services initialized
2026-02-21 14:15:43 [INFO] whatsapp_bot_python:50 - ✅ Python Application initialized successfully
2026-02-21 14:15:43 [INFO] whatsapp_bot_python:110 - 🚀 Starting Python Application...
2026-02-21 14:15:43 [INFO] whatsapp_bot_python:124 - 🔄 Starting message processing loop...
2026-02-21 14:18:56 [INFO] whatsapp_bot_python:210 - 🛑 Stopping Python Application...
2026-02-21 14:18:56 [INFO] whatsapp_bot_python:215 - ✅ Python Application stopped
